2025-12-07 08:35:12,373 | INFO | Prediction process started.
2025-12-07 08:35:12,373 | DEBUG | Constructing employee sample data...
2025-12-07 08:35:12,373 | DEBUG | Employee Data Constructed: {'Age': 30, 'BusinessTravel': 'Travel_Rarely', 'JobRole': 'Research Scientist', 'JobLevel': 2, 'MonthlyIncome': 5000, 'OverTime': 'Yes'}
2025-12-07 08:35:12,373 | INFO | Invoking prediction engine...
2025-12-07 08:35:12,759 | INFO | Prediction completed successfully.
2025-12-07 08:35:12,759 | DEBUG | Formatting prediction result...
2025-12-07 08:35:32,676 | INFO | Prediction process started.
2025-12-07 08:35:32,676 | DEBUG | Constructing employee sample data...
2025-12-07 08:35:32,676 | DEBUG | Employee Data Constructed: {'Age': 30, 'BusinessTravel': 'Travel_Rarely', 'JobRole': 'Research Scientist', 'JobLevel': 2, 'MonthlyIncome': 5000, 'OverTime': 'Yes'}
2025-12-07 08:35:32,677 | INFO | Invoking prediction engine...
2025-12-07 08:35:33,087 | INFO | Prediction completed successfully.
2025-12-07 08:35:33,087 | DEBUG | Formatting prediction result...
2025-12-07 08:36:23,046 | INFO | Prediction process started.
2025-12-07 08:36:23,046 | DEBUG | Constructing employee sample data...
2025-12-07 08:36:23,046 | DEBUG | Employee Data Constructed: {'Age': 30, 'BusinessTravel': 'Travel_Rarely', 'JobRole': 'Research Scientist', 'JobLevel': 2, 'MonthlyIncome': 5000, 'OverTime': 'Yes'}
2025-12-07 08:36:23,046 | INFO | Invoking prediction engine...
2025-12-07 08:36:23,508 | INFO | Prediction completed successfully.
2025-12-07 08:36:23,508 | DEBUG | Formatting prediction result...
2025-12-07 08:37:36,643 | INFO | Prediction process started.
2025-12-07 08:37:36,643 | DEBUG | Constructing employee sample data...
2025-12-07 08:37:36,643 | DEBUG | Employee Data Constructed: {'Age': 30, 'BusinessTravel': 'Travel_Rarely', 'JobRole': 'Research Scientist', 'JobLevel': 2, 'MonthlyIncome': 5000, 'OverTime': 'Yes'}
2025-12-07 08:37:36,643 | INFO | Invoking prediction engine...
2025-12-07 08:37:37,013 | INFO | Prediction completed successfully.
2025-12-07 08:37:37,013 | DEBUG | Formatting prediction result...
2026-01-03 18:47:11,196 | INFO | Prediction process started.
2026-01-03 18:47:11,196 | DEBUG | Constructing employee sample data...
2026-01-03 18:47:11,197 | DEBUG | Employee Data Constructed: {'Age': 30, 'BusinessTravel': 'Travel_Rarely', 'JobRole': 'Research Scientist', 'JobLevel': 2, 'MonthlyIncome': 5000, 'OverTime': 'Yes'}
2026-01-03 18:47:11,197 | INFO | Invoking prediction engine...
2026-01-03 18:47:11,546 | INFO | Prediction completed successfully.
2026-01-03 18:47:11,546 | DEBUG | Formatting prediction result...
2026-03-01 13:56:49,014 | INFO | Prediction process started.
2026-03-01 13:56:49,015 | DEBUG | Constructing employee sample data...
2026-03-01 13:56:49,015 | DEBUG | Employee Data Constructed: {'Age': 30, 'BusinessTravel': 'Travel_Rarely', 'JobRole': 'Research Scientist', 'JobLevel': 2, 'MonthlyIncome': 5000, 'OverTime': 'Yes'}
2026-03-01 13:56:49,015 | INFO | Invoking prediction engine...
2026-03-01 13:56:49,389 | INFO | Prediction completed successfully.
2026-03-01 13:56:49,389 | DEBUG | Formatting prediction result...
2026-03-01 13:57:32,019 | INFO | Prediction process started.
2026-03-01 13:57:32,020 | DEBUG | Constructing employee sample data...
2026-03-01 13:57:32,020 | DEBUG | Employee Data Constructed: {'Age': 30, 'BusinessTravel': 'Travel_Rarely', 'JobRole': 'Research Scientist', 'JobLevel': 2, 'MonthlyIncome': 5000, 'OverTime': 'Yes'}
2026-03-01 13:57:32,020 | INFO | Invoking prediction engine...
2026-03-01 13:57:32,372 | INFO | Prediction completed successfully.
2026-03-01 13:57:32,372 | DEBUG | Formatting prediction result...
2026-03-01 13:58:41,869 | INFO | Starting batch attrition prediction...
2026-03-01 13:58:41,870 | ERROR | Prediction Failed: [Errno 2] No such file or directory: 'employees_attrition.csv'
Traceback (most recent call last):
  File "F:\Current\2025 Slit_July Active\HR group G4 PP1--Done\ReactWeb_App\Employee_Retention\C_data.py", line 24, in predict_from_csv
    df = pd.read_csv(input_csv)
  File "C:\Users\AroosoftMars\AppData\Local\Programs\Python\Python38\lib\site-packages\pandas\util\_decorators.py", line 211, in wrapper
    return func(*args, **kwargs)
  File "C:\Users\AroosoftMars\AppData\Local\Programs\Python\Python38\lib\site-packages\pandas\util\_decorators.py", line 331, in wrapper
    return func(*args, **kwargs)
  File "C:\Users\AroosoftMars\AppData\Local\Programs\Python\Python38\lib\site-packages\pandas\io\parsers\readers.py", line 950, in read_csv
    return _read(filepath_or_buffer, kwds)
  File "C:\Users\AroosoftMars\AppData\Local\Programs\Python\Python38\lib\site-packages\pandas\io\parsers\readers.py", line 605, in _read
    parser = TextFileReader(filepath_or_buffer, **kwds)
  File "C:\Users\AroosoftMars\AppData\Local\Programs\Python\Python38\lib\site-packages\pandas\io\parsers\readers.py", line 1442, in __init__
    self._engine = self._make_engine(f, self.engine)
  File "C:\Users\AroosoftMars\AppData\Local\Programs\Python\Python38\lib\site-packages\pandas\io\parsers\readers.py", line 1735, in _make_engine
    self.handles = get_handle(
  File "C:\Users\AroosoftMars\AppData\Local\Programs\Python\Python38\lib\site-packages\pandas\io\common.py", line 856, in get_handle
    handle = open(
FileNotFoundError: [Errno 2] No such file or directory: 'employees_attrition.csv'
2026-03-01 13:59:59,998 | INFO | Starting batch attrition prediction...
2026-03-01 14:00:00,001 | INFO | Predicting employee index 0...
2026-03-01 14:00:00,363 | INFO | Predicting employee index 1...
2026-03-01 14:00:00,371 | INFO | Predicting employee index 2...
2026-03-01 14:00:00,378 | INFO | Predicting employee index 3...
2026-03-01 14:00:00,387 | INFO | Batch prediction completed. Results saved to employees_attrition_results.csv
2026-03-01 14:13:24,151 | INFO | Starting Employee Attrition Prediction API...
2026-03-01 14:13:24,152 | INFO | Model path: employee_attrition_model.pkl
2026-03-01 14:13:24,171 | INFO | [31m[1mWARNING: This is a development server. Do not use it in a production deployment. Use a production WSGI server instead.[0m
 * Running on all addresses (0.0.0.0)
 * Running on http://127.0.0.1:5003
 * Running on http://10.87.70.163:5003
2026-03-01 14:13:24,171 | INFO | [33mPress CTRL+C to quit[0m
2026-03-01 14:13:24,175 | INFO |  * Restarting with watchdog (windowsapi)
2026-03-01 14:13:24,745 | INFO | Starting Employee Attrition Prediction API...
2026-03-01 14:13:24,745 | INFO | Model path: employee_attrition_model.pkl
2026-03-01 14:13:24,754 | WARNING |  * Debugger is active!
2026-03-01 14:13:24,758 | INFO |  * Debugger PIN: 136-785-371
2026-03-01 14:13:30,608 | INFO | 127.0.0.1 - - [01/Mar/2026 14:13:30] "GET /api/test HTTP/1.1" 200 -
2026-03-01 14:13:43,146 | INFO | 127.0.0.1 - - [01/Mar/2026 14:13:43] "POST /api/predict/preview HTTP/1.1" 200 -
2026-03-01 14:13:47,156 | INFO | CSV loaded with 4 rows and columns: ['Age', 'BusinessTravel', 'JobRole', 'JobLevel', 'MonthlyIncome', 'OverTime']
2026-03-01 14:13:47,157 | INFO | Processing 4 employees for attrition prediction...
2026-03-01 14:13:47,157 | INFO | Predicting employee index 0...
2026-03-01 14:13:47,179 | INFO | Predicting employee index 1...
2026-03-01 14:13:47,194 | INFO | Predicting employee index 2...
2026-03-01 14:13:47,209 | INFO | Predicting employee index 3...
2026-03-01 14:13:47,230 | INFO | 127.0.0.1 - - [01/Mar/2026 14:13:47] "POST /api/predict/batch HTTP/1.1" 200 -
2026-03-01 14:13:53,351 | INFO | 127.0.0.1 - - [01/Mar/2026 14:13:53] "GET /api/download/attrition_results_20260301_141347.csv HTTP/1.1" 200 -
2026-03-01 14:41:15,999 | INFO | 127.0.0.1 - - [01/Mar/2026 14:41:15] "GET /api/test HTTP/1.1" 200 -
2026-03-01 14:41:19,982 | INFO | 127.0.0.1 - - [01/Mar/2026 14:41:19] "GET /api/test HTTP/1.1" 200 -
2026-03-01 14:41:40,103 | INFO | 127.0.0.1 - - [01/Mar/2026 14:41:40] "GET /api/test HTTP/1.1" 200 -
2026-03-01 14:41:50,803 | INFO | 127.0.0.1 - - [01/Mar/2026 14:41:50] "GET /api/test HTTP/1.1" 200 -
2026-03-01 14:41:54,947 | INFO | 127.0.0.1 - - [01/Mar/2026 14:41:54] "GET /api/test HTTP/1.1" 200 -
2026-03-03 14:40:49,592 | INFO | Starting Employee Attrition Prediction API...
2026-03-03 14:40:49,593 | INFO | Model path: employee_attrition_model.pkl
2026-03-03 14:40:49,612 | INFO | [31m[1mWARNING: This is a development server. Do not use it in a production deployment. Use a production WSGI server instead.[0m
 * Running on all addresses (0.0.0.0)
 * Running on http://127.0.0.1:5003
 * Running on http://10.175.192.163:5003
2026-03-03 14:40:49,612 | INFO | [33mPress CTRL+C to quit[0m
2026-03-03 14:40:49,616 | INFO |  * Restarting with watchdog (windowsapi)
2026-03-03 14:40:50,179 | INFO | Starting Employee Attrition Prediction API...
2026-03-03 14:40:50,179 | INFO | Model path: employee_attrition_model.pkl
2026-03-03 14:40:50,187 | WARNING |  * Debugger is active!
2026-03-03 14:40:50,191 | INFO |  * Debugger PIN: 123-501-001
2026-03-03 14:40:59,393 | INFO | 127.0.0.1 - - [03/Mar/2026 14:40:59] "GET /api/test HTTP/1.1" 200 -
2026-03-03 14:41:06,088 | INFO | 127.0.0.1 - - [03/Mar/2026 14:41:06] "POST /api/predict/preview HTTP/1.1" 200 -
2026-03-03 14:41:10,429 | INFO | CSV loaded with 4 rows and columns: ['Age', 'BusinessTravel', 'JobRole', 'JobLevel', 'MonthlyIncome', 'OverTime']
2026-03-03 14:41:10,430 | INFO | Processing 4 employees for attrition prediction...
2026-03-03 14:41:10,430 | INFO | Predicting employee index 0...
2026-03-03 14:41:10,449 | INFO | Predicting employee index 1...
2026-03-03 14:41:10,470 | INFO | Predicting employee index 2...
2026-03-03 14:41:10,487 | INFO | Predicting employee index 3...
2026-03-03 14:41:10,516 | INFO | 127.0.0.1 - - [03/Mar/2026 14:41:10] "POST /api/predict/batch HTTP/1.1" 200 -
2026-03-03 14:41:16,122 | INFO | 127.0.0.1 - - [03/Mar/2026 14:41:16] "GET /api/download/attrition_results_20260303_144110.csv HTTP/1.1" 200 -
