2025-12-07 08:35:12,373 | INFO | Prediction process started.
2025-12-07 08:35:12,373 | DEBUG | Constructing employee sample data...
2025-12-07 08:35:12,373 | DEBUG | Employee Data Constructed: {'Age': 30, 'BusinessTravel': 'Travel_Rarely', 'JobRole': 'Research Scientist', 'JobLevel': 2, 'MonthlyIncome': 5000, 'OverTime': 'Yes'}
2025-12-07 08:35:12,373 | INFO | Invoking prediction engine...
2025-12-07 08:35:12,759 | INFO | Prediction completed successfully.
2025-12-07 08:35:12,759 | DEBUG | Formatting prediction result...
2025-12-07 08:35:32,676 | INFO | Prediction process started.
2025-12-07 08:35:32,676 | DEBUG | Constructing employee sample data...
2025-12-07 08:35:32,676 | DEBUG | Employee Data Constructed: {'Age': 30, 'BusinessTravel': 'Travel_Rarely', 'JobRole': 'Research Scientist', 'JobLevel': 2, 'MonthlyIncome': 5000, 'OverTime': 'Yes'}
2025-12-07 08:35:32,677 | INFO | Invoking prediction engine...
2025-12-07 08:35:33,087 | INFO | Prediction completed successfully.
2025-12-07 08:35:33,087 | DEBUG | Formatting prediction result...
2025-12-07 08:36:23,046 | INFO | Prediction process started.
2025-12-07 08:36:23,046 | DEBUG | Constructing employee sample data...
2025-12-07 08:36:23,046 | DEBUG | Employee Data Constructed: {'Age': 30, 'BusinessTravel': 'Travel_Rarely', 'JobRole': 'Research Scientist', 'JobLevel': 2, 'MonthlyIncome': 5000, 'OverTime': 'Yes'}
2025-12-07 08:36:23,046 | INFO | Invoking prediction engine...
2025-12-07 08:36:23,508 | INFO | Prediction completed successfully.
2025-12-07 08:36:23,508 | DEBUG | Formatting prediction result...
2025-12-07 08:37:36,643 | INFO | Prediction process started.
2025-12-07 08:37:36,643 | DEBUG | Constructing employee sample data...
2025-12-07 08:37:36,643 | DEBUG | Employee Data Constructed: {'Age': 30, 'BusinessTravel': 'Travel_Rarely', 'JobRole': 'Research Scientist', 'JobLevel': 2, 'MonthlyIncome': 5000, 'OverTime': 'Yes'}
2025-12-07 08:37:36,643 | INFO | Invoking prediction engine...
2025-12-07 08:37:37,013 | INFO | Prediction completed successfully.
2025-12-07 08:37:37,013 | DEBUG | Formatting prediction result...
2025-12-26 20:45:27,357 | INFO | Prediction process started.
2025-12-26 20:45:27,357 | DEBUG | Constructing employee sample data...
2025-12-26 20:45:27,357 | DEBUG | Employee Data Constructed: {'Age': 30, 'BusinessTravel': 'Travel_Rarely', 'JobRole': 'Research Scientist', 'JobLevel': 2, 'MonthlyIncome': 5000, 'OverTime': 'Yes'}
2025-12-26 20:45:27,357 | INFO | Invoking prediction engine...
2025-12-26 20:45:42,814 | INFO | Prediction completed successfully.
2025-12-26 20:45:42,814 | DEBUG | Formatting prediction result...
2025-12-26 20:48:06,197 | INFO | Prediction process started.
2025-12-26 20:48:06,197 | DEBUG | Constructing employee sample data...
2025-12-26 20:48:06,197 | DEBUG | Employee Data Constructed: {'Age': 45, 'BusinessTravel': 'Travel_Rarely', 'JobRole': 'Research Scientist', 'JobLevel': 1, 'MonthlyIncome': 150000, 'OverTime': 'Yes'}
2025-12-26 20:48:06,199 | INFO | Invoking prediction engine...
2025-12-26 20:48:07,600 | INFO | Prediction completed successfully.
2025-12-26 20:48:07,600 | DEBUG | Formatting prediction result...
